2026-07-30T21:54:12Z INF Thank you for trying Cloudflare Tunnel. Doing so, without a Cloudflare account, is a quick way to experiment and try it out. However, be aware that these account-less Tunnels have no uptime guarantee, are subject to the Cloudflare Online Services Terms of Use (https://www.cloudflare.com/website-terms/), and Cloudflare reserves the right to investigate your use of Tunnels for violations of such terms. If you intend to use Tunnels in production you should use a pre-created named tunnel by following: https://developers.cloudflare.com/cloudflare-one/connections/connect-apps
2026-07-30T21:54:12Z INF Requesting new quick Tunnel on trycloudflare.com...
2026-07-30T21:54:16Z INF +--------------------------------------------------------------------------------------------+
2026-07-30T21:54:16Z INF |  Your quick Tunnel has been created! Visit it at (it may take some time to be reachable):  |
2026-07-30T21:54:16Z INF |  https://promises-sms-excuse-excess.trycloudflare.com                                      |
2026-07-30T21:54:16Z INF +--------------------------------------------------------------------------------------------+
2026-07-30T21:54:16Z INF Cannot determine default configuration path. No file [config.yml config.yaml] in [~/.cloudflared ~/.cloudflare-warp ~/cloudflare-warp /etc/cloudflared /usr/local/etc/cloudflared]
2026-07-30T21:54:16Z INF Version 2026.6.1 (Checksum 93ca8ea7489dbcda6db162f0255e48641f22c65b90f76b9a96038f50b3754e3f)
2026-07-30T21:54:16Z INF GOOS: android, GOVersion: go1.26.3, GoArch: arm64
2026-07-30T21:54:16Z INF Settings: map[ha-connections:1 protocol:quic url:http://localhost:3000]
2026-07-30T21:54:16Z INF Autoupdate frequency is set autoupdateFreq=86400000
2026-07-30T21:54:16Z INF Generated Connector ID: 149bbcd7-871a-491e-8b27-c6f8a95d2dd0
2026-07-30T21:54:16Z INF Initial protocol quic
2026-07-30T21:54:16Z INF ICMP proxy will use 192.0.0.4 as source for IPv4
2026-07-30T21:54:16Z INF ICMP proxy will use :: as source for IPv6
2026-07-30T21:54:16Z WRN The user running cloudflared process has a GID (group ID) that is not within ping_group_range. You might need to add that user to a group within that range, or instead update the range to encompass a group the user is already in by modifying /proc/sys/net/ipv4/ping_group_range. Otherwise cloudflared will not be able to ping this network error="open /proc/sys/net/ipv4/ping_group_range: permission denied"
2026-07-30T21:54:16Z INF ICMP proxy will use 192.0.0.4 as source for IPv4
2026-07-30T21:54:16Z INF ICMP proxy will use :: as source for IPv6
2026-07-30T21:54:16Z INF Starting metrics server on 127.0.0.1:20241/metrics
2026-07-30T21:54:16Z INF Tunnel connection curve preferences: [X25519MLKEM768 CurveID(65074) CurveP256] connIndex=0 event=0 ip=2606:4700:a0::6
2026-07-30T21:54:21Z ERR Failed to dial a quic connection error="failed to dial to edge with quic: timeout: no recent network activity" connIndex=0 event=0 ip=2606:4700:a0::6
2026-07-30T21:54:21Z INF Retrying connection in up to 2s connIndex=0 event=0 ip=2606:4700:a0::6
2026-07-30T21:54:23Z INF Tunnel connection curve preferences: [X25519MLKEM768 CurveID(65074) CurveP256] connIndex=0 event=0 ip=2606:4700:a8::10
2026-07-30T21:54:26Z INF +----------------------------------------------------------------------------------------------------+
2026-07-30T21:54:26Z INF |                                      CONNECTIVITY PRE-CHECKS                                       |
2026-07-30T21:54:26Z INF +----------------------------------------------------------------------------------------------------+
2026-07-30T21:54:26Z INF |  COMPONENT         TARGET                     STATUS  DETAILS                                      |
2026-07-30T21:54:26Z INF |  DNS Resolution    region1.v2.argotunnel.com  PASS    DNS Resolved successfully                    |
2026-07-30T21:54:26Z INF |  DNS Resolution    region2.v2.argotunnel.com  PASS    DNS Resolved successfully                    |
2026-07-30T21:54:26Z INF |  UDP Connectivity  region1.v2.argotunnel.com  FAIL    QUIC connection failed                       |
2026-07-30T21:54:26Z INF |  UDP Connectivity  region2.v2.argotunnel.com  FAIL    QUIC connection failed                       |
2026-07-30T21:54:26Z INF |  TCP Connectivity  region1.v2.argotunnel.com  PASS    HTTP/2 connection successful                 |
2026-07-30T21:54:26Z INF |  TCP Connectivity  region2.v2.argotunnel.com  FAIL    HTTP/2 connection is blocked or unreachable  |
2026-07-30T21:54:26Z INF |  Cloudflare API    api.cloudflare.com:443     PASS    API is reachable                             |
2026-07-30T21:54:26Z INF |  ERROR: Allow outbound QUIC traffic on port 7844 or use HTTP2.                                     |
2026-07-30T21:54:26Z INF |  ERROR: Allow outbound QUIC traffic on port 7844 or use HTTP2.                                     |
2026-07-30T21:54:26Z INF |  ERROR: Allow outbound TCP on port 7844.                                                           |
2026-07-30T21:54:26Z INF |                                                                                                    |
2026-07-30T21:54:26Z INF |  SUMMARY: Environment has critical failures. cloudflared may not be able to establish a tunnel.    |
2026-07-30T21:54:26Z INF +----------------------------------------------------------------------------------------------------+
2026-07-30T21:54:26Z INF precheck component="DNS Resolution" details="DNS Resolved successfully" run_id=dc073261-1114-47f1-b13a-cfff1536ac18 status=pass target=region1.v2.argotunnel.com
2026-07-30T21:54:26Z INF precheck component="DNS Resolution" details="DNS Resolved successfully" run_id=dc073261-1114-47f1-b13a-cfff1536ac18 status=pass target=region2.v2.argotunnel.com
2026-07-30T21:54:26Z INF precheck component="UDP Connectivity" details="QUIC connection failed" run_id=dc073261-1114-47f1-b13a-cfff1536ac18 status=fail target=region1.v2.argotunnel.com
2026-07-30T21:54:26Z INF precheck component="UDP Connectivity" details="QUIC connection failed" run_id=dc073261-1114-47f1-b13a-cfff1536ac18 status=fail target=region2.v2.argotunnel.com
2026-07-30T21:54:26Z INF precheck component="TCP Connectivity" details="HTTP/2 connection successful" run_id=dc073261-1114-47f1-b13a-cfff1536ac18 status=pass target=region1.v2.argotunnel.com
2026-07-30T21:54:26Z INF precheck component="TCP Connectivity" details="HTTP/2 connection is blocked or unreachable" run_id=dc073261-1114-47f1-b13a-cfff1536ac18 status=fail target=region2.v2.argotunnel.com
2026-07-30T21:54:26Z INF precheck component="Cloudflare API" details="API is reachable" run_id=dc073261-1114-47f1-b13a-cfff1536ac18 status=pass target=api.cloudflare.com:443
2026-07-30T21:54:26Z INF precheck complete hard_fail=true run_id=dc073261-1114-47f1-b13a-cfff1536ac18
2026-07-30T21:54:28Z ERR Failed to dial a quic connection error="failed to dial to edge with quic: timeout: no recent network activity" connIndex=0 event=0 ip=2606:4700:a8::10
2026-07-30T21:54:28Z INF Retrying connection in up to 4s connIndex=0 event=0 ip=2606:4700:a8::10
2026-07-30T21:54:28Z INF Tunnel connection curve preferences: [X25519MLKEM768 CurveID(65074) CurveP256] connIndex=0 event=0 ip=198.41.200.43
2026-07-30T21:54:33Z ERR Failed to dial a quic connection error="failed to dial to edge with quic: timeout: no recent network activity" connIndex=0 event=0 ip=198.41.200.43
2026-07-30T21:54:33Z INF Retrying connection in up to 8s connIndex=0 event=0 ip=198.41.200.43
2026-07-30T21:54:34Z INF Tunnel connection curve preferences: [X25519MLKEM768 CurveID(65074) CurveP256] connIndex=0 event=0 ip=2606:4700:a8::1
2026-07-30T21:54:39Z ERR Failed to dial a quic connection error="failed to dial to edge with quic: timeout: no recent network activity" connIndex=0 event=0 ip=2606:4700:a8::1
2026-07-30T21:54:39Z INF Retrying connection in up to 16s connIndex=0 event=0 ip=2606:4700:a8::1
2026-07-30T21:54:40Z INF Initiating graceful shutdown due to signal terminated ...
2026-07-30T21:54:40Z INF Tunnel server stopped
2026-07-30T21:54:40Z INF Metrics server stopped
